******************************************************************************
                  TI ARM Linker PC v20.2.3                     
******************************************************************************
>> Linked Thu Nov 19 11:48:35 2020

OUTPUT FILE NAME:   <uart_pc_echo_12mhz_brclk_MSP_EXP432P401R_nortos_ccs.out>
ENTRY POINT SYMBOL: "_c_int00_noinit_noargs"  address: 000003cd


MEMORY CONFIGURATION

         name            origin    length      used     unused   attr    fill
----------------------  --------  ---------  --------  --------  ----  --------
  MAIN                  00000000   00040000  0000044e  0003fbb2  R  X
  INFO                  00200000   00004000  00000000  00004000  R  X
  SRAM_CODE             01000000   00010000  00000200  0000fe00  RW X
  SRAM_DATA             20000000   00010000  00000200  0000fe00  RW  


SEGMENT ALLOCATION MAP

run origin  load origin   length   init length attrs members
----------  ----------- ---------- ----------- ----- -------
00000000    00000000    00000450   00000450    r-x
  00000000    00000000    000000e4   000000e4    r-- .intvecs
  000000e4    000000e4    00000342   00000342    r-x .text
  00000428    00000428    00000028   00000028    r-- .const
2000fe00    2000fe00    00000200   00000000    rw-
  2000fe00    2000fe00    00000200   00000000    rw- .stack


SECTION ALLOCATION MAP

 output                                  attributes/
section   page    origin      length       input sections
--------  ----  ----------  ----------   ----------------
.intvecs   0    00000000    000000e4     
                  00000000    000000e4     startup_msp432p401r_ccs.obj (.intvecs:retain)

.text      0    000000e4    00000342     
                  000000e4    0000011c     msp432p4xx_driverlib.lib : uart.o (.text:UART_initModule)
                  00000200    00000088     uart_pc_echo_12mhz_brclk.obj (.text:main)
                  00000288    00000078     system_msp432p401r.obj (.text:SystemInit)
                  00000300    00000064     msp432p4xx_driverlib.lib : uart.o (.text:UART_getEnabledInterruptStatus)
                  00000364    00000034                              : cs.o (.text:CS_setDCOCenteredFrequency)
                  00000398    00000034     uart_pc_echo_12mhz_brclk.obj (.text:EUSCIA2_IRQHandler)
                  000003cc    0000002c     rtsv7M4_T_le_v4SPD16_eabi.lib : boot_cortex_m.c.obj (.text:_c_int00_noinit_noargs:_c_int00_noinit_noargs)
                  000003f8    00000018     msp432p4xx_driverlib.lib : uart.o (.text:UART_getInterruptStatus)
                  00000410    0000000c     startup_msp432p401r_ccs.obj (.text:Reset_Handler)
                  0000041c    00000004     rtsv7M4_T_le_v4SPD16_eabi.lib : pre_init.c.obj (.text:_system_pre_init)
                  00000420    00000004                                   : exit.c.obj (.text:abort:abort)
                  00000424    00000002     startup_msp432p401r_ccs.obj (.text:Default_Handler)

.const     0    00000428    00000028     
                  00000428    00000028     uart_pc_echo_12mhz_brclk.obj (.const:uartConfig)

.cinit     0    00000000    00000000     UNINITIALIZED

.init_array 
*          0    00000000    00000000     UNINITIALIZED

.binit     0    00000000    00000000     

.stack     0    2000fe00    00000200     UNINITIALIZED
                  2000fe00    00000004     rtsv7M4_T_le_v4SPD16_eabi.lib : boot_cortex_m.c.obj (.stack)
                  2000fe04    000001fc     --HOLE--

__llvm_prf_cnts 
*          0    20000000    00000000     UNINITIALIZED

MODULE SUMMARY

       Module                         code   ro data   rw data
       ------                         ----   -------   -------
    .\
       uart_pc_echo_12mhz_brclk.obj   188    40        0      
       system_msp432p401r.obj         120    0         0      
    +--+------------------------------+------+---------+---------+
       Total:                         308    40        0      
                                                              
    .\ccs\
       startup_msp432p401r_ccs.obj    14     228       0      
    +--+------------------------------+------+---------+---------+
       Total:                         14     228       0      
                                                              
    C:/ti/simplelink_msp432p4_sdk_3_40_01_02/source/ti/devices/msp432p4xx/driverlib/ccs/msp432p4xx_driverlib.lib
       uart.o                         408    0         0      
       cs.o                           52     0         0      
    +--+------------------------------+------+---------+---------+
       Total:                         460    0         0      
                                                              
    C:\CollegeSophmore\EmbeddedSystems\CCS\ccs\tools\compiler\ti-cgt-arm_20.2.3.LTS\lib\rtsv7M4_T_le_v4SPD16_eabi.lib
       boot_cortex_m.c.obj            44     0         0      
       exit.c.obj                     4      0         0      
       pre_init.c.obj                 4      0         0      
    +--+------------------------------+------+---------+---------+
       Total:                         52     0         0      
                                                              
       Stack:                         0      0         1024   
    +--+------------------------------+------+---------+---------+
       Grand Total:                   834    268       1024   


GLOBAL SYMBOLS: SORTED ALPHABETICALLY BY Name 

address   name                          
-------   ----                          
00000425  ADC14_IRQHandler              
00000425  AES256_IRQHandler             
00000425  BusFault_Handler              
00000421  C$$EXIT                       
00000425  COMP_E0_IRQHandler            
00000425  COMP_E1_IRQHandler            
00000425  CS_IRQHandler                 
00000365  CS_setDCOCenteredFrequency    
00000425  DMA_ERR_IRQHandler            
00000425  DMA_INT0_IRQHandler           
00000425  DMA_INT1_IRQHandler           
00000425  DMA_INT2_IRQHandler           
00000425  DMA_INT3_IRQHandler           
00000425  DebugMon_Handler              
00000425  Default_Handler               
00000425  EUSCIA0_IRQHandler            
00000425  EUSCIA1_IRQHandler            
00000399  EUSCIA2_IRQHandler            
00000399  EUSCIA2_IRQHandler            
00000425  EUSCIA3_IRQHandler            
00000425  EUSCIB0_IRQHandler            
00000425  EUSCIB1_IRQHandler            
00000425  EUSCIB2_IRQHandler            
00000425  EUSCIB3_IRQHandler            
00000425  FLCTL_IRQHandler              
00000425  FPU_IRQHandler                
00000425  HardFault_Handler             
00000425  MemManage_Handler             
00000425  NMI_Handler                   
00000425  PCM_IRQHandler                
00000425  PORT1_IRQHandler              
00000425  PORT2_IRQHandler              
00000425  PORT3_IRQHandler              
00000425  PORT4_IRQHandler              
00000425  PORT5_IRQHandler              
00000425  PORT6_IRQHandler              
00000425  PSS_IRQHandler                
00000425  PendSV_Handler                
00000425  RTC_C_IRQHandler              
00000411  Reset_Handler                 
00000425  SVC_Handler                   
00000425  SysTick_Handler               
00000289  SystemInit                    
00000425  T32_INT1_IRQHandler           
00000425  T32_INT2_IRQHandler           
00000425  T32_INTC_IRQHandler           
00000425  TA0_0_IRQHandler              
00000425  TA0_N_IRQHandler              
00000425  TA1_0_IRQHandler              
00000425  TA1_N_IRQHandler              
00000425  TA2_0_IRQHandler              
00000425  TA2_N_IRQHandler              
00000425  TA3_0_IRQHandler              
00000425  TA3_N_IRQHandler              
00000301  UART_getEnabledInterruptStatus
000003f9  UART_getInterruptStatus       
000000e5  UART_initModule               
00000425  UsageFault_Handler            
4000480c  WDTCTL_SYM                    
00000425  WDT_A_IRQHandler              
20010000  __STACK_END                   
00000200  __STACK_SIZE                  
ffffffff  __TI_pprof_out_hndl           
ffffffff  __TI_prof_data_size           
ffffffff  __TI_prof_data_start          
00000000  __TI_static_base__            
ffffffff  __binit__                     
ffffffff  __c_args__                    
UNDEFED   __mpu_init                    
2000fe00  __stack                       
20000000  __start___llvm_prf_cnts       
20000000  __stop___llvm_prf_cnts        
000003cd  _c_int00_noinit_noargs        
0000041d  _system_pre_init              
00000421  abort                         
ffffffff  binit                         
00000000  interruptVectors              
00000201  main                          
00000428  uartConfig                    


GLOBAL SYMBOLS: SORTED BY Symbol Address 

address   name                          
-------   ----                          
00000000  __TI_static_base__            
00000000  interruptVectors              
000000e5  UART_initModule               
00000200  __STACK_SIZE                  
00000201  main                          
00000289  SystemInit                    
00000301  UART_getEnabledInterruptStatus
00000365  CS_setDCOCenteredFrequency    
00000399  EUSCIA2_IRQHandler            
00000399  EUSCIA2_IRQHandler            
000003cd  _c_int00_noinit_noargs        
000003f9  UART_getInterruptStatus       
00000411  Reset_Handler                 
0000041d  _system_pre_init              
00000421  C$$EXIT                       
00000421  abort                         
00000425  ADC14_IRQHandler              
00000425  AES256_IRQHandler             
00000425  BusFault_Handler              
00000425  COMP_E0_IRQHandler            
00000425  COMP_E1_IRQHandler            
00000425  CS_IRQHandler                 
00000425  DMA_ERR_IRQHandler            
00000425  DMA_INT0_IRQHandler           
00000425  DMA_INT1_IRQHandler           
00000425  DMA_INT2_IRQHandler           
00000425  DMA_INT3_IRQHandler           
00000425  DebugMon_Handler              
00000425  Default_Handler               
00000425  EUSCIA0_IRQHandler            
00000425  EUSCIA1_IRQHandler            
00000425  EUSCIA3_IRQHandler            
00000425  EUSCIB0_IRQHandler            
00000425  EUSCIB1_IRQHandler            
00000425  EUSCIB2_IRQHandler            
00000425  EUSCIB3_IRQHandler            
00000425  FLCTL_IRQHandler              
00000425  FPU_IRQHandler                
00000425  HardFault_Handler             
00000425  MemManage_Handler             
00000425  NMI_Handler                   
00000425  PCM_IRQHandler                
00000425  PORT1_IRQHandler              
00000425  PORT2_IRQHandler              
00000425  PORT3_IRQHandler              
00000425  PORT4_IRQHandler              
00000425  PORT5_IRQHandler              
00000425  PORT6_IRQHandler              
00000425  PSS_IRQHandler                
00000425  PendSV_Handler                
00000425  RTC_C_IRQHandler              
00000425  SVC_Handler                   
00000425  SysTick_Handler               
00000425  T32_INT1_IRQHandler           
00000425  T32_INT2_IRQHandler           
00000425  T32_INTC_IRQHandler           
00000425  TA0_0_IRQHandler              
00000425  TA0_N_IRQHandler              
00000425  TA1_0_IRQHandler              
00000425  TA1_N_IRQHandler              
00000425  TA2_0_IRQHandler              
00000425  TA2_N_IRQHandler              
00000425  TA3_0_IRQHandler              
00000425  TA3_N_IRQHandler              
00000425  UsageFault_Handler            
00000425  WDT_A_IRQHandler              
00000428  uartConfig                    
20000000  __start___llvm_prf_cnts       
20000000  __stop___llvm_prf_cnts        
2000fe00  __stack                       
20010000  __STACK_END                   
4000480c  WDTCTL_SYM                    
ffffffff  __TI_pprof_out_hndl           
ffffffff  __TI_prof_data_size           
ffffffff  __TI_prof_data_start          
ffffffff  __binit__                     
ffffffff  __c_args__                    
ffffffff  binit                         
UNDEFED   __mpu_init                    

[79 symbols]
