******************************************************************************
                  TI ARM Linker PC v20.2.3                     
******************************************************************************
>> Linked Wed Nov 18 12:11:47 2020

OUTPUT FILE NAME:   <Joystick.out>
ENTRY POINT SYMBOL: "_c_int00_noargs"  address: 00002d65


MEMORY CONFIGURATION

         name            origin    length      used     unused   attr    fill
----------------------  --------  ---------  --------  --------  ----  --------
  MAIN                  00000000   00040000  00003161  0003ce9f  R  X
  INFO                  00200000   00004000  00000000  00004000  R  X
  SRAM_CODE             01000000   00010000  000009d5  0000f62b  RW X
  SRAM_DATA             20000000   00010000  000009d5  0000f62b  RW  


SEGMENT ALLOCATION MAP

run origin  load origin   length   init length attrs members
----------  ----------- ---------- ----------- ----- -------
00000000    00000000    00003168   00003168    r-x
  00000000    00000000    000000e4   000000e4    r-- .intvecs
  000000e4    000000e4    00002eec   00002eec    r-x .text
  00002fd0    00002fd0    00000101   00000101    r-- .const
  000030d8    000030d8    00000090   00000090    r-- .cinit
20000000    20000000    000007d5   00000000    rw-
  20000000    20000000    00000400   00000000    rw- .sysmem
  20000400    20000400    000001ec   00000000    rw- .data
  200005ec    200005ec    000001e9   00000000    rw- .bss
2000fe00    2000fe00    00000200   00000000    rw-
  2000fe00    2000fe00    00000200   00000000    rw- .stack


SECTION ALLOCATION MAP

 output                                  attributes/
section   page    origin      length       input sections
--------  ----  ----------  ----------   ----------------
.intvecs   0    00000000    000000e4     
                  00000000    000000e4     startup_msp432p401r_ccs.obj (.intvecs:retain)

.text      0    000000e4    00002eec     
                  000000e4    00000a4e     rtsv7M4_T_le_v4SPD16_eabi.lib : _printfi.c.obj (.text:__TI_printfi)
                  00000b32    00000002                                   : _lock.c.obj (.text:_nop)
                  00000b34    00000334     system_msp432p401r.obj (.text)
                  00000e68    00000270     rtsv7M4_T_le_v4SPD16_eabi.lib : _printfi.c.obj (.text:_pconv_a)
                  000010d8    000001d0                                   : _printfi.c.obj (.text:_pconv_g)
                  000012a8    000001b6                                   : fd_add_t2.asm.obj (.text)
                  0000145e    00000002                                   : div0.asm.obj (.text)
                  00001460    0000013c                                   : _printfi.c.obj (.text:_pconv_e)
                  0000159c    00000136                                   : fd_div_t2.asm.obj (.text)
                  000016d2    00000002     --HOLE-- [fill = 0]
                  000016d4    00000124                                   : _printfi.c.obj (.text:fcvt)
                  000017f8    00000114                                   : fputs.c.obj (.text:fputs)
                  0000190c    00000110                                   : s_scalbn.c.obj (.text:scalbn)
                  00001a1c    00000100                                   : memory.c.obj (.text:aligned_alloc)
                  00001b1c    000000fc                                   : fd_mul_t2.asm.obj (.text)
                  00001c18    000000f8     js.obj (.text)
                  00001d10    000000e4     rtsv7M4_T_le_v4SPD16_eabi.lib : memory.c.obj (.text:free)
                  00001df4    000000dc                                   : setvbuf.c.obj (.text:setvbuf)
                  00001ed0    000000c0     main.obj (.text)
                  00001f90    000000b1     rtsv7M4_T_le_v4SPD16_eabi.lib : _printfi.c.obj (.text:_ltostr)
                  00002041    00000001     --HOLE-- [fill = 0]
                  00002042    0000009c                                   : memcpy_t2.asm.obj (.text)
                  000020de    00000096                                   : ull_div_t2.asm.obj (.text)
                  00002174    0000008c                                   : fputc.c.obj (.text:fputc)
                  00002200    00000086                                   : fd_cmp_t2.asm.obj (.text:__aeabi_cdcmple)
                  00002286    00000086                                   : fd_cmp_t2.asm.obj (.text:__aeabi_cdrcmple)
                  0000230c    0000007a                                   : memset_t2.asm.obj (.text)
                  00002386    00000002     --HOLE-- [fill = 0]
                  00002388    00000074                                   : fclose.c.obj (.text:__TI_closefile)
                  000023fc    00000070                                   : memory.c.obj (.text:split)
                  0000246c    0000006e                                   : _printfi.c.obj (.text:_mcpy)
                  000024da    00000002     --HOLE-- [fill = 0]
                  000024dc    0000006c                                   : hostrename.c.obj (.text:HOSTrename)
                  00002548    00000068                                   : hostlseek.c.obj (.text:HOSTlseek)
                  000025b0    00000068                                   : copy_decompress_lzss.c.obj (.text:decompress:lzss:__TI_decompress_lzss)
                  00002618    00000068                                   : printf.c.obj (.text:printf)
                  00002680    00000064                                   : s_frexp.c.obj (.text:frexp)
                  000026e4    00000064                                   : fseek.c.obj (.text:fseek)
                  00002748    00000062                                   : _io_perm.c.obj (.text:__TI_wrt_ok)
                  000027aa    00000002     --HOLE-- [fill = 0]
                  000027ac    00000060                                   : hostopen.c.obj (.text:HOSTopen)
                  0000280c    0000005c                                   : close.c.obj (.text:close)
                  00002868    00000058                                   : hostread.c.obj (.text:HOSTread)
                  000028c0    00000058                                   : hostwrite.c.obj (.text:HOSTwrite)
                  00002918    00000056                                   : _printfi.c.obj (.text:_pconv_f)
                  0000296e    00000054                                   : _ltoa.c.obj (.text:__TI_ltoa)
                  000029c2    00000052                                   : _printfi.c.obj (.text:_ecpy)
                  00002a14    0000004c                                   : fflush.c.obj (.text:__TI_doflush)
                  00002a60    0000004c                                   : atoi.c.obj (.text:atoi)
                  00002aac    00000048                                   : exit.c.obj (.text:exit)
                  00002af4    00000048                                   : fd_toi_t2.asm.obj (.text)
                  00002b3c    00000044                                   : hostclose.c.obj (.text:HOSTclose)
                  00002b80    00000044                                   : hostunlink.c.obj (.text:HOSTunlink)
                  00002bc4    00000044                                   : autoinit.c.obj (.text:__TI_auto_init_nobinit_nopinit:__TI_auto_init_nobinit_nopinit)
                  00002c08    00000044                                   : getdevice.c.obj (.text:getdevice)
                  00002c4c    0000003e                                   : _printfi.c.obj (.text:_fcpy)
                  00002c8a    00000002     --HOLE-- [fill = 0]
                  00002c8c    00000038                                   : trgmsg.c.obj (.text:__TI_writemsg)
                  00002cc4    00000036                                   : strncpy.c.obj (.text:strncpy)
                  00002cfa    00000002     --HOLE-- [fill = 0]
                  00002cfc    00000034                                   : fopen.c.obj (.text:__TI_cleanup)
                  00002d30    00000034                                   : trgmsg.c.obj (.text:__TI_readmsg)
                  00002d64    00000034                                   : boot_cortex_m.c.obj (.text:_c_int00_noargs:_c_int00_noargs)
                  00002d98    00000030                                   : getdevice.c.obj (.text:finddevice)
                  00002dc8    0000002e                                   : i_tofd_t2.asm.obj (.text)
                  00002df6    00000002     --HOLE-- [fill = 0]
                  00002df8    0000002c                                   : unlink.c.obj (.text:unlink)
                  00002e24    00000028                                   : memory.c.obj (.text:free_list_insert)
                  00002e4c    00000028                                   : lseek.c.obj (.text:lseek)
                  00002e74    00000028                                   : write.c.obj (.text:write)
                  00002e9c    00000020                                   : memchr.c.obj (.text:memchr)
                  00002ebc    0000001c                                   : copy_zero_init.c.obj (.text:decompress:ZI:__TI_zero_init_nomemset:__TI_zero_init_nomemset)
                  00002ed8    0000001c                                   : memory.c.obj (.text:free_list_remove)
                  00002ef4    0000001c                                   : memccpy.c.obj (.text:memccpy)
                  00002f10    0000001a                                   : s_copysign.c.obj (.text:copysign)
                  00002f2a    00000018                                   : strcmp.c.obj (.text:strcmp)
                  00002f42    00000016                                   : strchr.c.obj (.text:strchr)
                  00002f58    00000014                                   : strcpy.c.obj (.text:strcpy)
                  00002f6c    00000014                                   : strlen.c.obj (.text:strlen)
                  00002f80    00000012                                   : wcslen.c.obj (.text:wcslen)
                  00002f92    0000000e                                   : copy_decompress_none.c.obj (.text:decompress:none:__TI_decompress_none)
                  00002fa0    0000000e     startup_msp432p401r_ccs.obj (.text)
                  00002fae    00000002     --HOLE-- [fill = 0]
                  00002fb0    00000008     rtsv7M4_T_le_v4SPD16_eabi.lib : errno.c.obj (.text:__aeabi_errno_addr)
                  00002fb8    00000008                                   : memory.c.obj (.text:malloc)
                  00002fc0    00000004                                   : printf.c.obj (.text:_outc)
                  00002fc4    00000004                                   : printf.c.obj (.text:_outs)
                  00002fc8    00000004                                   : pre_init.c.obj (.text:_system_pre_init)
                  00002fcc    00000004                                   : exit.c.obj (.text:abort:abort)

.const     0    00002fd0    00000101     
                  00002fd0    00000101     rtsv7M4_T_le_v4SPD16_eabi.lib : ctype.c.obj (.const:.string:_ctypes_)

.cinit     0    000030d8    00000090     
                  000030d8    0000006a     (.cinit..data.load) [load image, compression = lzss]
                  00003142    00000002     --HOLE-- [fill = 0]
                  00003144    0000000c     (__TI_handler_table)
                  00003150    00000008     (.cinit..bss.load) [load image, compression = zero_init]
                  00003158    00000010     (__TI_cinit_table)

.init_array 
*          0    00000000    00000000     UNINITIALIZED

.binit     0    00000000    00000000     

.sysmem    0    20000000    00000400     UNINITIALIZED
                  20000000    00000010     rtsv7M4_T_le_v4SPD16_eabi.lib : memory.c.obj (.sysmem)
                  20000010    000003f0     --HOLE--

.data      0    20000400    000001ec     UNINITIALIZED
                  20000400    000000f0     rtsv7M4_T_le_v4SPD16_eabi.lib : defs.c.obj (.data:_ftable)
                  200004f0    00000078                                   : host_device.c.obj (.data:_device)
                  20000568    00000050                                   : host_device.c.obj (.data:_stream)
                  200005b8    00000010                                   : defs.c.obj (.data)
                  200005c8    0000000c                                   : exit.c.obj (.data:$O1$$)
                  200005d4    00000008                                   : _lock.c.obj (.data:$O1$$)
                  200005dc    00000008                                   : memory.c.obj (.data:$O1$$)
                  200005e4    00000004                                   : errno.c.obj (.data)
                  200005e8    00000004     system_msp432p401r.obj (.data)

.bss       0    200005ec    000001e9     UNINITIALIZED
                  200005ec    00000120     rtsv7M4_T_le_v4SPD16_eabi.lib : trgmsg.c.obj (.bss:_CIOBUF_)
                  2000070c    000000a0     (.common:__TI_tmpnams)
                  200007ac    00000010     (.common:xin)
                  200007bc    00000010     (.common:yin)
                  200007cc    00000008     (.common:parmbuf)
                  200007d4    00000001     main.obj (.bss)

.stack     0    2000fe00    00000200     UNINITIALIZED
                  2000fe00    00000004     rtsv7M4_T_le_v4SPD16_eabi.lib : boot_cortex_m.c.obj (.stack)
                  2000fe04    000001fc     --HOLE--

__llvm_prf_cnts 
*          0    20000000    00000000     UNINITIALIZED

MODULE SUMMARY

       Module                        code    ro data   rw data
       ------                        ----    -------   -------
    .\
       system_msp432p401r.obj        820     0         8      
       main.obj                      192     0         66     
       js.obj                        248     0         0      
       startup_msp432p401r_ccs.obj   14      228       0      
    +--+-----------------------------+-------+---------+---------+
       Total:                        1274    228       74     
                                                              
    C:\ti\ccs1011\ccs\tools\compiler\ti-cgt-arm_20.2.3.LTS\lib\rtsv7M4_T_le_v4SPD16_eabi.lib
       _printfi.c.obj                4851    0         0      
       defs.c.obj                    0       0         832    
       memory.c.obj                  672     0         16     
       trgmsg.c.obj                  108     0         576    
       fd_add_t2.asm.obj             438     0         0      
       host_device.c.obj             0       0         400    
       fd_div_t2.asm.obj             310     0         0      
       fputs.c.obj                   276     0         0      
       s_scalbn.c.obj                272     0         0      
       fd_cmp_t2.asm.obj             268     0         0      
       ctype.c.obj                   0       257       0      
       fd_mul_t2.asm.obj             252     0         0      
       setvbuf.c.obj                 220     0         0      
       memcpy_t2.asm.obj             156     0         0      
       ull_div_t2.asm.obj            150     0         0      
       fputc.c.obj                   140     0         0      
       memset_t2.asm.obj             122     0         0      
       fclose.c.obj                  116     0         0      
       getdevice.c.obj               116     0         0      
       hostopen.c.obj                96      0         16     
       printf.c.obj                  112     0         0      
       hostrename.c.obj              108     0         0      
       copy_decompress_lzss.c.obj    104     0         0      
       hostlseek.c.obj               104     0         0      
       exit.c.obj                    76      0         24     
       fseek.c.obj                   100     0         0      
       s_frexp.c.obj                 100     0         0      
       _io_perm.c.obj                98      0         0      
       close.c.obj                   92      0         0      
       hostread.c.obj                88      0         0      
       hostwrite.c.obj               88      0         0      
       _ltoa.c.obj                   84      0         0      
       atoi.c.obj                    76      0         0      
       fflush.c.obj                  76      0         0      
       fd_toi_t2.asm.obj             72      0         0      
       autoinit.c.obj                68      0         0      
       hostclose.c.obj               68      0         0      
       hostunlink.c.obj              68      0         0      
       strncpy.c.obj                 54      0         0      
       boot_cortex_m.c.obj           52      0         0      
       fopen.c.obj                   52      0         0      
       i_tofd_t2.asm.obj             46      0         0      
       unlink.c.obj                  44      0         0      
       lseek.c.obj                   40      0         0      
       write.c.obj                   40      0         0      
       memchr.c.obj                  32      0         0      
       copy_zero_init.c.obj          28      0         0      
       memccpy.c.obj                 28      0         0      
       s_copysign.c.obj              26      0         0      
       strcmp.c.obj                  24      0         0      
       strchr.c.obj                  22      0         0      
       strcpy.c.obj                  20      0         0      
       strlen.c.obj                  20      0         0      
       _lock.c.obj                   2       0         16     
       wcslen.c.obj                  18      0         0      
       errno.c.obj                   8       0         8      
       copy_decompress_none.c.obj    14      0         0      
       pre_init.c.obj                4       0         0      
       div0.asm.obj                  2       0         0      
    +--+-----------------------------+-------+---------+---------+
       Total:                        10721   257       1888   
                                                              
       Heap:                         0       0         2048   
       Stack:                        0       0         1024   
       Linker Generated:             0       142       0      
    +--+-----------------------------+-------+---------+---------+
       Grand Total:                  11995   627       5034   


LINKER GENERATED COPY TABLES

__TI_cinit_table @ 00003158 records: 2, size/record: 8, table size: 16
	.data: load addr=000030d8, load size=0000006a bytes, run addr=20000400, run size=000001ec bytes, compression=lzss
	.bss: load addr=00003150, load size=00000008 bytes, run addr=200005ec, run size=000001e9 bytes, compression=zero_init


LINKER GENERATED HANDLER TABLE

__TI_handler_table @ 00003144 records: 3, size/record: 4, table size: 12
	index: 0, handler: __TI_decompress_lzss
	index: 1, handler: __TI_decompress_none
	index: 2, handler: __TI_zero_init


GLOBAL SYMBOLS: SORTED ALPHABETICALLY BY Name 

address   name                           
-------   ----                           
00001f1b  ADC14_IRQHandler               
00001f1b  ADC14_IRQHandler               
00002fad  AES256_IRQHandler              
00002fad  BusFault_Handler               
00002fcd  C$$EXIT                        
00002cbb  C$$IO$$                        
00002fad  COMP_E0_IRQHandler             
00002fad  COMP_E1_IRQHandler             
00002fad  CS_IRQHandler                  
00002fad  DMA_ERR_IRQHandler             
00002fad  DMA_INT0_IRQHandler            
00002fad  DMA_INT1_IRQHandler            
00002fad  DMA_INT2_IRQHandler            
00002fad  DMA_INT3_IRQHandler            
00002fad  DebugMon_Handler               
00002fad  Default_Handler                
00002fad  EUSCIA0_IRQHandler             
00002fad  EUSCIA1_IRQHandler             
00002fad  EUSCIA2_IRQHandler             
00002fad  EUSCIA3_IRQHandler             
00002fad  EUSCIB0_IRQHandler             
00002fad  EUSCIB1_IRQHandler             
00002fad  EUSCIB2_IRQHandler             
00002fad  EUSCIB3_IRQHandler             
00002fad  FLCTL_IRQHandler               
00002fad  FPU_IRQHandler                 
00002b3d  HOSTclose                      
00002549  HOSTlseek                      
000027ad  HOSTopen                       
00002869  HOSTread                       
000024dd  HOSTrename                     
00002b81  HOSTunlink                     
000028c1  HOSTwrite                      
00002fad  HardFault_Handler              
00002fad  MemManage_Handler              
00002fad  NMI_Handler                    
00002fad  PCM_IRQHandler                 
00002fad  PORT1_IRQHandler               
00002fad  PORT2_IRQHandler               
00002fad  PORT3_IRQHandler               
00002fad  PORT4_IRQHandler               
00002fad  PORT5_IRQHandler               
00002fad  PORT6_IRQHandler               
00002fad  PSS_IRQHandler                 
00002fad  PendSV_Handler                 
00002fad  RTC_C_IRQHandler               
00002fa1  Reset_Handler                  
00002fad  SVC_Handler                    
00002fad  SysTick_Handler                
200005e8  SystemCoreClock                
00000b35  SystemCoreClockUpdate          
00000dad  SystemInit                     
00002fad  T32_INT1_IRQHandler            
00002fad  T32_INT2_IRQHandler            
00002fad  T32_INTC_IRQHandler            
00002fad  TA0_0_IRQHandler               
00002fad  TA0_N_IRQHandler               
00002fad  TA1_0_IRQHandler               
00002fad  TA1_N_IRQHandler               
00002fad  TA2_0_IRQHandler               
00002fad  TA2_N_IRQHandler               
00002fad  TA3_0_IRQHandler               
00002fad  TA3_N_IRQHandler               
00002fad  UsageFault_Handler             
4000480c  WDTCTL_SYM                     
00002fad  WDT_A_IRQHandler               
200005ec  __CIOBUF_                      
20010000  __STACK_END                    
00000200  __STACK_SIZE                   
00000400  __SYSMEM_SIZE                  
00003158  __TI_CINIT_Base                
00003168  __TI_CINIT_Limit               
00003144  __TI_Handler_Table_Base        
00003150  __TI_Handler_Table_Limit       
00002bc5  __TI_auto_init_nobinit_nopinit 
00002cfd  __TI_cleanup                   
200005c8  __TI_cleanup_ptr               
00002389  __TI_closefile                 
000025b1  __TI_decompress_lzss           
00002f93  __TI_decompress_none           
00002a15  __TI_doflush                   
200005cc  __TI_dtors_ptr                 
200005d0  __TI_enable_exit_profile_output
200005b8  __TI_ft_end                    
0000296f  __TI_ltoa                      
ffffffff  __TI_pprof_out_hndl            
000000e5  __TI_printfi                   
ffffffff  __TI_prof_data_size            
ffffffff  __TI_prof_data_start           
00002d31  __TI_readmsg                   
00000000  __TI_static_base__             
2000070c  __TI_tmpnams                   
00002c8d  __TI_writemsg                  
00002749  __TI_wrt_ok                    
00002ebd  __TI_zero_init_nomemset        
00002201  __aeabi_cdcmpeq                
00002201  __aeabi_cdcmple                
00002287  __aeabi_cdrcmple               
00002af5  __aeabi_d2iz                   
000012b3  __aeabi_dadd                   
0000159d  __aeabi_ddiv                   
00001b1d  __aeabi_dmul                   
000012a9  __aeabi_dsub                   
00002fb1  __aeabi_errno_addr             
00002dc9  __aeabi_i2d                    
0000145f  __aeabi_idiv0                  
0000145f  __aeabi_ldiv0                  
0000230d  __aeabi_memclr                 
0000230d  __aeabi_memclr4                
0000230d  __aeabi_memclr8                
00002043  __aeabi_memcpy                 
00002043  __aeabi_memcpy4                
00002043  __aeabi_memcpy8                
0000230f  __aeabi_memset                 
0000230f  __aeabi_memset4                
0000230f  __aeabi_memset8                
200005c4  __aeabi_stderr                 
200005bc  __aeabi_stdin                  
200005c0  __aeabi_stdout                 
000020df  __aeabi_uldivmod               
ffffffff  __binit__                      
ffffffff  __c_args__                     
UNDEFED   __mpu_init                     
2000fe00  __stack                        
20000000  __start___llvm_prf_cnts        
20000000  __stop___llvm_prf_cnts         
00002d65  _c_int00_noargs                
00002fd0  _ctypes_                       
200004f0  _device                        
20000400  _ftable                        
200005d4  _lock                          
00000b33  _nop                           
20000568  _stream                        
20000000  _sys_memory                    
UNDEFED   _system_post_cinit             
00002fc9  _system_pre_init               
200005d8  _unlock                        
00002fcd  abort                          
00001cd1  adc_convert                    
00001a1d  aligned_alloc                  
00002a61  atoi                           
ffffffff  binit                          
0000280d  close                          
00001cdd  config_NVIC                    
00001c61  config_adc                     
00001c19  config_gpio                    
00002f11  copysign                       
00002f11  copysignl                      
200005e4  errno                          
00002aad  exit                           
00002d99  finddevice                     
00002175  fputc                          
000017f9  fputs                          
00001d11  free                           
00002681  frexp                          
00002681  frexpl                         
000026e5  fseek                          
00002c09  getdevice                      
00000000  interruptVectors               
0000190d  ldexp                          
0000190d  ldexpl                         
00002e4d  lseek                          
00001ed1  main                           
00002fb9  malloc                         
00001a1d  memalign                       
00002ef5  memccpy                        
00002e9d  memchr                         
00002043  memcpy                         
00002315  memset                         
200007cc  parmbuf                        
00002619  printf                         
00002175  putc                           
00002df9  remove                         
0000190d  scalbn                         
0000190d  scalbnl                        
00001df5  setvbuf                        
00002f43  strchr                         
00002f2b  strcmp                         
00002f59  strcpy                         
00002f6d  strlen                         
00002cc5  strncpy                        
00002df9  unlink                         
00002f81  wcslen                         
00002e75  write                          
200007ac  xin                            
200007bc  yin                            


GLOBAL SYMBOLS: SORTED BY Symbol Address 

address   name                           
-------   ----                           
00000000  __TI_static_base__             
00000000  interruptVectors               
000000e5  __TI_printfi                   
00000200  __STACK_SIZE                   
00000400  __SYSMEM_SIZE                  
00000b33  _nop                           
00000b35  SystemCoreClockUpdate          
00000dad  SystemInit                     
000012a9  __aeabi_dsub                   
000012b3  __aeabi_dadd                   
0000145f  __aeabi_idiv0                  
0000145f  __aeabi_ldiv0                  
0000159d  __aeabi_ddiv                   
000017f9  fputs                          
0000190d  ldexp                          
0000190d  ldexpl                         
0000190d  scalbn                         
0000190d  scalbnl                        
00001a1d  aligned_alloc                  
00001a1d  memalign                       
00001b1d  __aeabi_dmul                   
00001c19  config_gpio                    
00001c61  config_adc                     
00001cd1  adc_convert                    
00001cdd  config_NVIC                    
00001d11  free                           
00001df5  setvbuf                        
00001ed1  main                           
00001f1b  ADC14_IRQHandler               
00001f1b  ADC14_IRQHandler               
00002043  __aeabi_memcpy                 
00002043  __aeabi_memcpy4                
00002043  __aeabi_memcpy8                
00002043  memcpy                         
000020df  __aeabi_uldivmod               
00002175  fputc                          
00002175  putc                           
00002201  __aeabi_cdcmpeq                
00002201  __aeabi_cdcmple                
00002287  __aeabi_cdrcmple               
0000230d  __aeabi_memclr                 
0000230d  __aeabi_memclr4                
0000230d  __aeabi_memclr8                
0000230f  __aeabi_memset                 
0000230f  __aeabi_memset4                
0000230f  __aeabi_memset8                
00002315  memset                         
00002389  __TI_closefile                 
000024dd  HOSTrename                     
00002549  HOSTlseek                      
000025b1  __TI_decompress_lzss           
00002619  printf                         
00002681  frexp                          
00002681  frexpl                         
000026e5  fseek                          
00002749  __TI_wrt_ok                    
000027ad  HOSTopen                       
0000280d  close                          
00002869  HOSTread                       
000028c1  HOSTwrite                      
0000296f  __TI_ltoa                      
00002a15  __TI_doflush                   
00002a61  atoi                           
00002aad  exit                           
00002af5  __aeabi_d2iz                   
00002b3d  HOSTclose                      
00002b81  HOSTunlink                     
00002bc5  __TI_auto_init_nobinit_nopinit 
00002c09  getdevice                      
00002c8d  __TI_writemsg                  
00002cbb  C$$IO$$                        
00002cc5  strncpy                        
00002cfd  __TI_cleanup                   
00002d31  __TI_readmsg                   
00002d65  _c_int00_noargs                
00002d99  finddevice                     
00002dc9  __aeabi_i2d                    
00002df9  remove                         
00002df9  unlink                         
00002e4d  lseek                          
00002e75  write                          
00002e9d  memchr                         
00002ebd  __TI_zero_init_nomemset        
00002ef5  memccpy                        
00002f11  copysign                       
00002f11  copysignl                      
00002f2b  strcmp                         
00002f43  strchr                         
00002f59  strcpy                         
00002f6d  strlen                         
00002f81  wcslen                         
00002f93  __TI_decompress_none           
00002fa1  Reset_Handler                  
00002fad  AES256_IRQHandler              
00002fad  BusFault_Handler               
00002fad  COMP_E0_IRQHandler             
00002fad  COMP_E1_IRQHandler             
00002fad  CS_IRQHandler                  
00002fad  DMA_ERR_IRQHandler             
00002fad  DMA_INT0_IRQHandler            
00002fad  DMA_INT1_IRQHandler            
00002fad  DMA_INT2_IRQHandler            
00002fad  DMA_INT3_IRQHandler            
00002fad  DebugMon_Handler               
00002fad  Default_Handler                
00002fad  EUSCIA0_IRQHandler             
00002fad  EUSCIA1_IRQHandler             
00002fad  EUSCIA2_IRQHandler             
00002fad  EUSCIA3_IRQHandler             
00002fad  EUSCIB0_IRQHandler             
00002fad  EUSCIB1_IRQHandler             
00002fad  EUSCIB2_IRQHandler             
00002fad  EUSCIB3_IRQHandler             
00002fad  FLCTL_IRQHandler               
00002fad  FPU_IRQHandler                 
00002fad  HardFault_Handler              
00002fad  MemManage_Handler              
00002fad  NMI_Handler                    
00002fad  PCM_IRQHandler                 
00002fad  PORT1_IRQHandler               
00002fad  PORT2_IRQHandler               
00002fad  PORT3_IRQHandler               
00002fad  PORT4_IRQHandler               
00002fad  PORT5_IRQHandler               
00002fad  PORT6_IRQHandler               
00002fad  PSS_IRQHandler                 
00002fad  PendSV_Handler                 
00002fad  RTC_C_IRQHandler               
00002fad  SVC_Handler                    
00002fad  SysTick_Handler                
00002fad  T32_INT1_IRQHandler            
00002fad  T32_INT2_IRQHandler            
00002fad  T32_INTC_IRQHandler            
00002fad  TA0_0_IRQHandler               
00002fad  TA0_N_IRQHandler               
00002fad  TA1_0_IRQHandler               
00002fad  TA1_N_IRQHandler               
00002fad  TA2_0_IRQHandler               
00002fad  TA2_N_IRQHandler               
00002fad  TA3_0_IRQHandler               
00002fad  TA3_N_IRQHandler               
00002fad  UsageFault_Handler             
00002fad  WDT_A_IRQHandler               
00002fb1  __aeabi_errno_addr             
00002fb9  malloc                         
00002fc9  _system_pre_init               
00002fcd  C$$EXIT                        
00002fcd  abort                          
00002fd0  _ctypes_                       
00003144  __TI_Handler_Table_Base        
00003150  __TI_Handler_Table_Limit       
00003158  __TI_CINIT_Base                
00003168  __TI_CINIT_Limit               
20000000  __start___llvm_prf_cnts        
20000000  __stop___llvm_prf_cnts         
20000000  _sys_memory                    
20000400  _ftable                        
200004f0  _device                        
20000568  _stream                        
200005b8  __TI_ft_end                    
200005bc  __aeabi_stdin                  
200005c0  __aeabi_stdout                 
200005c4  __aeabi_stderr                 
200005c8  __TI_cleanup_ptr               
200005cc  __TI_dtors_ptr                 
200005d0  __TI_enable_exit_profile_output
200005d4  _lock                          
200005d8  _unlock                        
200005e4  errno                          
200005e8  SystemCoreClock                
200005ec  __CIOBUF_                      
2000070c  __TI_tmpnams                   
200007ac  xin                            
200007bc  yin                            
200007cc  parmbuf                        
2000fe00  __stack                        
20010000  __STACK_END                    
4000480c  WDTCTL_SYM                     
ffffffff  __TI_pprof_out_hndl            
ffffffff  __TI_prof_data_size            
ffffffff  __TI_prof_data_start           
ffffffff  __binit__                      
ffffffff  __c_args__                     
ffffffff  binit                          
UNDEFED   __mpu_init                     
UNDEFED   _system_post_cinit             

[186 symbols]
